2026-06-08 13:57:29,407 - DBQuery.main - INFO - ==================================================
2026-06-08 13:57:29,407 - DBQuery.main - INFO - DBQuery starting...
2026-06-08 13:57:29,407 - DBQuery.main - INFO - Python version: 3.7.0 (v3.7.0:1bf9cc5093, Jun 27 2018, 04:06:47) [MSC v.1914 32 bit (Intel)]
2026-06-08 13:57:29,407 - DBQuery.main - INFO - Executable: D:\gongzuo\A_python\DBQuery_win7fix\DBQuery\dist_final\DBQuery\DBQuery.exe
2026-06-08 13:57:29,407 - DBQuery.main - INFO - Frozen: True
2026-06-08 13:57:29,408 - DBQuery.main - INFO - High DPI support enabled
2026-06-08 13:57:29,421 - DBQuery.main - INFO - QApplication created
2026-06-08 13:57:29,422 - DBQuery.main - INFO - Creating MainWindow...
2026-06-08 13:57:30,132 - DBQuery.main - INFO - MainWindow shown, entering event loop
2026-06-08 13:57:51,132 - DBQuery.query_tab - INFO - _execute_query called
2026-06-08 13:57:51,132 - DBQuery.query_tab - INFO - Built SQL: SELECT
    t.TABLE_SCHEMA          AS 架构,
    t.TABLE_NAME            AS 表名,
    c.COLUMN_NAME           AS 字段名,
    c.ORDINAL_POSITION      AS 字段序号,
    c.DATA_TYPE             AS 数据类型,
    ISNULL(CA
2026-06-08 13:57:51,135 - DBQuery.query_tab - INFO - Starting worker thread
2026-06-08 13:57:51,135 - DBQuery.query_tab - INFO - QueryWorker started, sql: SELECT
    t.TABLE_SCHEMA          AS 架构,
    t.TABLE_NAME            AS 表名,
    c.COLUMN_NAME      
2026-06-08 13:57:51,135 - DBQuery.db_manager - INFO - execute_query called
2026-06-08 13:57:51,143 - DBQuery.db_manager - DEBUG - Executing SQL: SELECT
    t.TABLE_SCHEMA          AS 架构,
    t.TABLE_NAME            AS 表名,
    c.COLUMN_NAME           AS 字段名,
    c.ORDINAL_POSITION      AS 字段序号,
    c.DATA_TYPE             AS 数据类型,
    ISNULL(CA
2026-06-08 13:57:53,279 - DBQuery.db_manager - WARNING - pyodbc.Error (retry): ('ODBC SQL type -150 is not yet supported.  column-index=8  type=-150', 'HY106')
2026-06-08 13:57:53,305 - DBQuery.db_manager - DEBUG - Executing SQL: SELECT
    t.TABLE_SCHEMA          AS 架构,
    t.TABLE_NAME            AS 表名,
    c.COLUMN_NAME           AS 字段名,
    c.ORDINAL_POSITION      AS 字段序号,
    c.DATA_TYPE             AS 数据类型,
    ISNULL(CA
2026-06-08 13:57:53,416 - DBQuery.query_tab - ERROR - QueryWorker error: ('ODBC SQL type -150 is not yet supported.  column-index=8  type=-150', 'HY106')
2026-06-08 13:57:53,417 - DBQuery.query_tab - ERROR - Traceback (most recent call last):
  File "db_manager.py", line 139, in execute_query
  File "db_manager.py", line 130, in _run_query
pyodbc.ProgrammingError: ('ODBC SQL type -150 is not yet supported.  column-index=8  type=-150', 'HY106')

During handling of the above exception, another exception occurred:

Traceback (most recent call last):
  File "widgets\query_tab.py", line 172, in run
  File "db_manager.py", line 144, in execute_query
  File "db_manager.py", line 130, in _run_query
pyodbc.ProgrammingError: ('ODBC SQL type -150 is not yet supported.  column-index=8  type=-150', 'HY106')

2026-06-08 13:57:53,417 - DBQuery.query_tab - INFO - _on_query_error called: ('ODBC SQL type -150 is not yet supported.  column-index=8  type=-150', 'HY106')
2026-06-08 13:58:23,105 - DBQuery.query_tab - INFO - _execute_query called
2026-06-08 13:58:23,106 - DBQuery.query_tab - INFO - Built SQL: select top 200 
*
from pe_tjdj
2026-06-08 13:58:23,106 - DBQuery.query_tab - INFO - Starting worker thread
2026-06-08 13:58:23,106 - DBQuery.query_tab - INFO - QueryWorker started, sql: select top 200 
*
from pe_tjdj
2026-06-08 13:58:23,106 - DBQuery.db_manager - INFO - execute_query called
2026-06-08 13:58:23,107 - DBQuery.db_manager - DEBUG - Executing SQL: select top 200 
*
from pe_tjdj
2026-06-08 13:58:23,111 - DBQuery.db_manager - INFO - Query success: 15 columns, 200 rows
2026-06-08 13:58:23,111 - DBQuery.query_tab - INFO - QueryWorker success, columns: ['tjdjid', 'hospitalid', 'djtjsj', 'djczy', 'djczyid', 'tjdw', 'tjlx', 'tjh', 'bz', 'zhxgsj', 'zhxgrid', 'deleted', 'TJFL', 'bz2', 'QJYY'], rows: 200
2026-06-08 13:58:23,114 - DBQuery.query_tab - INFO - _on_query_done called, columns=['tjdjid', 'hospitalid', 'djtjsj', 'djczy', 'djczyid', 'tjdw', 'tjlx', 'tjh', 'bz', 'zhxgsj', 'zhxgrid', 'deleted', 'TJFL', 'bz2', 'QJYY'], rows=200
2026-06-08 13:58:23,114 - DBQuery.query_tab - INFO - Clearing old model
2026-06-08 13:58:23,115 - DBQuery.query_tab - INFO - Creating ResultTableModel
2026-06-08 13:58:23,115 - DBQuery.query_tab - INFO - Setting table model (direct)
2026-06-08 13:58:23,124 - DBQuery.query_tab - INFO - Resizing columns, count=15
2026-06-08 13:58:23,129 - DBQuery.query_tab - INFO - Updating filter combo
2026-06-08 13:58:23,129 - DBQuery.query_tab - INFO - _on_query_done completed successfully
2026-07-31 08:51:00,915 - DBQuery.main - INFO - ==================================================
2026-07-31 08:51:00,915 - DBQuery.main - INFO - DBQuery starting...
2026-07-31 08:51:00,916 - DBQuery.main - INFO - Python version: 3.7.0 (v3.7.0:1bf9cc5093, Jun 27 2018, 04:06:47) [MSC v.1914 32 bit (Intel)]
2026-07-31 08:51:00,916 - DBQuery.main - INFO - Executable: D:\gongzuo\A_python\DBQuery_win7fix\DBQuery\dist_final\DBQuery\DBQuery.exe
2026-07-31 08:51:00,916 - DBQuery.main - INFO - Frozen: True
2026-07-31 08:51:00,916 - DBQuery.main - INFO - High DPI support enabled
2026-07-31 08:51:00,974 - DBQuery.main - INFO - QApplication created
2026-07-31 08:51:00,976 - DBQuery.main - INFO - Creating MainWindow...
2026-07-31 08:51:01,764 - DBQuery.main - INFO - MainWindow shown, entering event loop
2026-08-12 11:49:02,747 - DBQuery.main - INFO - ==================================================
2026-08-12 11:49:02,747 - DBQuery.main - INFO - DBQuery starting...
2026-08-12 11:49:02,747 - DBQuery.main - INFO - Python version: 3.7.0 (v3.7.0:1bf9cc5093, Jun 27 2018, 04:06:47) [MSC v.1914 32 bit (Intel)]
2026-08-12 11:49:02,747 - DBQuery.main - INFO - Executable: D:\gongzuo\A_python\DBQuery_win7fix\DBQuery\dist_final\DBQuery\DBQuery.exe
2026-08-12 11:49:02,747 - DBQuery.main - INFO - Frozen: True
2026-08-12 11:49:02,748 - DBQuery.main - INFO - High DPI support enabled
2026-08-12 11:49:02,806 - DBQuery.main - INFO - QApplication created
2026-08-12 11:49:02,807 - DBQuery.main - INFO - Creating MainWindow...
2026-08-12 11:49:03,982 - DBQuery.main - INFO - MainWindow shown, entering event loop
